Command line invocation:
    /Applications/Xcode.app/Contents/Developer/usr/bin/xcodebuild -workspace Example-Point.xcworkspace -scheme Example-Point -destination id=5E519E49-1238-4A2F-B71B-33EA3D28E7FB -configuration Debug build CODE_SIGNING_ALLOWED=NO

Build settings from command line:
    CODE_SIGNING_ALLOWED = NO

ComputePackagePrebuildTargetDependencyGraph

Prepare packages

CreateBuildRequest

SendProjectDescription

CreateBuildOperation

ComputeTargetDependencyGraph
note: Building targets in dependency order
note: Target dependency graph (14 targets)
    Target 'Example-Point' in project 'Example-Point'
        ➜ Implicit dependency on target 'Pods-Example-Point' in project 'Pods' via file 'Pods_Example_Point.framework' in build phase 'Link Binary'
        ➜ Implicit dependency on target 'Alamofire' in project 'Pods' via options '-framework Alamofire' in build setting 'OTHER_LDFLAGS'
        ➜ Implicit dependency on target 'IrohaSwift' in project 'Pods' via options '-framework IrohaSwift' in build setting 'OTHER_LDFLAGS'
        ➜ Implicit dependency on target 'KeychainAccess' in project 'Pods' via options '-framework KeychainAccess' in build setting 'OTHER_LDFLAGS'
        ➜ Implicit dependency on target 'PMAlertController' in project 'Pods' via options '-framework PMAlertController' in build setting 'OTHER_LDFLAGS'
        ➜ Implicit dependency on target 'SwiftyJSON' in project 'Pods' via options '-framework SwiftyJSON' in build setting 'OTHER_LDFLAGS'
        ➜ Implicit dependency on target 'TextFieldEffects' in project 'Pods' via options '-framework TextFieldEffects' in build setting 'OTHER_LDFLAGS'
        ➜ Implicit dependency on target 'Toast-Swift' in project 'Pods' via options '-framework Toast_Swift' in build setting 'OTHER_LDFLAGS'
    Target 'Pods-Example-Point' in project 'Pods'
        ➜ Explicit dependency on target 'Alamofire' in project 'Pods'
        ➜ Explicit dependency on target 'IrohaSwift' in project 'Pods'
        ➜ Explicit dependency on target 'KeychainAccess' in project 'Pods'
        ➜ Explicit dependency on target 'NoritoBridge' in project 'Pods'
        ➜ Explicit dependency on target 'PMAlertController' in project 'Pods'
        ➜ Explicit dependency on target 'SwiftyJSON' in project 'Pods'
        ➜ Explicit dependency on target 'TextFieldEffects' in project 'Pods'
        ➜ Explicit dependency on target 'Toast-Swift' in project 'Pods'
    Target 'Toast-Swift' in project 'Pods'
        ➜ Explicit dependency on target 'Toast-Swift-Toast-Swift' in project 'Pods'
    Target 'Toast-Swift-Toast-Swift' in project 'Pods' (no dependencies)
    Target 'TextFieldEffects' in project 'Pods' (no dependencies)
    Target 'SwiftyJSON' in project 'Pods'
        ➜ Explicit dependency on target 'SwiftyJSON-SwiftyJSON' in project 'Pods'
    Target 'SwiftyJSON-SwiftyJSON' in project 'Pods' (no dependencies)
    Target 'PMAlertController' in project 'Pods'
        ➜ Explicit dependency on target 'PMAlertController-PMAlertController' in project 'Pods'
    Target 'PMAlertController-PMAlertController' in project 'Pods' (no dependencies)
    Target 'NoritoBridge' in project 'Pods' (no dependencies)
    Target 'KeychainAccess' in project 'Pods' (no dependencies)
    Target 'IrohaSwift' in project 'Pods' (no dependencies)
    Target 'Alamofire' in project 'Pods'
        ➜ Explicit dependency on target 'Alamofire-Alamofire' in project 'Pods'
    Target 'Alamofire-Alamofire' in project 'Pods' (no dependencies)

GatherProvisioningInputs

CreateBuildDescription

ClangStatCache /Applications/Xcode.app/Contents/Developer/Toolchains/XcodeDefault.xctoolchain/usr/bin/clang-stat-cache /Applications/Xcode.app/Contents/Developer/Platforms/iPhoneSimulator.platform/Developer/SDKs/iPhoneSimulator26.1.sdk /Users/takemiyamakoto/Library/Developer/Xcode/DerivedData/SDKStatCaches.noindex/iphonesimulator26.1-23B77-90cf18a4295e390e64c810bc6bd7acbc.sdkstatcache
    cd /Users/takemiyamakoto/dev/iroha-demo-ios/Example-Point
    /Applications/Xcode.app/Contents/Developer/Toolchains/XcodeDefault.xctoolchain/usr/bin/clang-stat-cache /Applications/Xcode.app/Contents/Developer/Platforms/iPhoneSimulator.platform/Developer/SDKs/iPhoneSimulator26.1.sdk -o /Users/takemiyamakoto/Library/Developer/Xcode/DerivedData/SDKStatCaches.noindex/iphonesimulator26.1-23B77-90cf18a4295e390e64c810bc6bd7acbc.sdkstatcache

SwiftDriver Example-Point normal arm64 com.apple.xcode.tools.swift.compiler (in target 'Example-Point' from project 'Example-Point')
    cd /Users/takemiyamakoto/dev/iroha-demo-ios/Example-Point
    builtin-SwiftDriver -- /Applications/Xcode.app/Contents/Developer/Toolchains/XcodeDefault.xctoolchain/usr/bin/swiftc -module-name Example_Point -Onone -enforce-exclusivity\=checked @/Users/takemiyamakoto/Library/Developer/Xcode/DerivedData/Example-Point-daqocnfdxtrgzugpbljrjitzirlp/Build/Intermediates.noindex/Example-Point.build/Debug-iphonesimulator/Example-Point.build/Objects-normal/arm64/Example-Point.SwiftFileList -DDEBUG -D COCOAPODS -enable-bare-slash-regex -enable-experimental-feature DebugDescriptionMacro -sdk /Applications/Xcode.app/Contents/Developer/Platforms/iPhoneSimulator.platform/Developer/SDKs/iPhoneSimulator26.1.sdk -target arm64-apple-ios19.0-simulator -g -module-cache-path /Users/takemiyamakoto/Library/Developer/Xcode/DerivedData/ModuleCache.noindex -Xfrontend -serialize-debugging-options -profile-coverage-mapping -profile-generate -enable-testing -index-store-path /Users/takemiyamakoto/Library/Developer/Xcode/DerivedData/Example-Point-daqocnfdxtrgzugpbljrjitzirlp/Index.noindex/DataStore -Xcc -D_LIBCPP_HARDENING_MODE\=_LIBCPP_HARDENING_MODE_DEBUG -swift-version 5 -I /Users/takemiyamakoto/Library/Developer/Xcode/DerivedData/Example-Point-daqocnfdxtrgzugpbljrjitzirlp/Build/Products/Debug-iphonesimulator -F /Users/takemiyamakoto/Library/Developer/Xcode/DerivedData/Example-Point-daqocnfdxtrgzugpbljrjitzirlp/Build/Products/Debug-iphonesimulator -F /Users/takemiyamakoto/Library/Developer/Xcode/DerivedData/Example-Point-daqocnfdxtrgzugpbljrjitzirlp/Build/Products/Debug-iphonesimulator/Alamofire -F /Users/takemiyamakoto/Library/Developer/Xcode/DerivedData/Example-Point-daqocnfdxtrgzugpbljrjitzirlp/Build/Products/Debug-iphonesimulator/IrohaSwift -F /Users/takemiyamakoto/Library/Developer/Xcode/DerivedData/Example-Point-daqocnfdxtrgzugpbljrjitzirlp/Build/Products/Debug-iphonesimulator/KeychainAccess -F /Users/takemiyamakoto/Library/Developer/Xcode/DerivedData/Example-Point-daqocnfdxtrgzugpbljrjitzirlp/Build/Products/Debug-iphonesimulator/PMAlertController -F /Users/takemiyamakoto/Library/Developer/Xcode/DerivedData/Example-Point-daqocnfdxtrgzugpbljrjitzirlp/Build/Products/Debug-iphonesimulator/SwiftyJSON -F /Users/takemiyamakoto/Library/Developer/Xcode/DerivedData/Example-Point-daqocnfdxtrgzugpbljrjitzirlp/Build/Products/Debug-iphonesimulator/TextFieldEffects -F /Users/takemiyamakoto/Library/Developer/Xcode/DerivedData/Example-Point-daqocnfdxtrgzugpbljrjitzirlp/Build/Products/Debug-iphonesimulator/Toast-Swift -F /Users/takemiyamakoto/dev/iroha-demo-ios/Vendor/NoritoBridge -F /Users/takemiyamakoto/Library/Developer/Xcode/DerivedData/Example-Point-daqocnfdxtrgzugpbljrjitzirlp/Build/Products/Debug-iphonesimulator/XCFrameworkIntermediates/NoritoBridge -c -j16 -enable-batch-mode -incremental -Xcc -ivfsstatcache -Xcc /Users/takemiyamakoto/Library/Developer/Xcode/DerivedData/SDKStatCaches.noindex/iphonesimulator26.1-23B77-90cf18a4295e390e64c810bc6bd7acbc.sdkstatcache -output-file-map /Users/takemiyamakoto/Library/Developer/Xcode/DerivedData/Example-Point-daqocnfdxtrgzugpbljrjitzirlp/Build/Intermediates.noindex/Example-Point.build/Debug-iphonesimulator/Example-Point.build/Objects-normal/arm64/Example-Point-OutputFileMap.json -use-frontend-parseable-output -save-temps -no-color-diagnostics -explicit-module-build -module-cache-path /Users/takemiyamakoto/Library/Developer/Xcode/DerivedData/Example-Point-daqocnfdxtrgzugpbljrjitzirlp/Build/Intermediates.noindex/SwiftExplicitPrecompiledModules -clang-scanner-module-cache-path /Users/takemiyamakoto/Library/Developer/Xcode/DerivedData/ModuleCache.noindex -sdk-module-cache-path /Users/takemiyamakoto/Library/Developer/Xcode/DerivedData/ModuleCache.noindex -serialize-diagnostics -emit-dependencies -emit-module -emit-module-path /Users/takemiyamakoto/Library/Developer/Xcode/DerivedData/Example-Point-daqocnfdxtrgzugpbljrjitzirlp/Build/Intermediates.noindex/Example-Point.build/Debug-iphonesimulator/Example-Point.build/Objects-normal/arm64/Example_Point.swiftmodule -validate-clang-modules-once -clang-build-session-file /Users/takemiyamakoto/Library/Developer/Xcode/DerivedData/ModuleCache.noindex/Session.modulevalidation -Xcc -I/Users/takemiyamakoto/Library/Developer/Xcode/DerivedData/Example-Point-daqocnfdxtrgzugpbljrjitzirlp/Build/Intermediates.noindex/Example-Point.build/Debug-iphonesimulator/Example-Point.build/swift-overrides.hmap -emit-const-values -Xfrontend -const-gather-protocols-file -Xfrontend /Users/takemiyamakoto/Library/Developer/Xcode/DerivedData/Example-Point-daqocnfdxtrgzugpbljrjitzirlp/Build/Intermediates.noindex/Example-Point.build/Debug-iphonesimulator/Example-Point.build/Objects-normal/arm64/Example-Point_const_extract_protocols.json -Xcc -iquote -Xcc /Users/takemiyamakoto/Library/Developer/Xcode/DerivedData/Example-Point-daqocnfdxtrgzugpbljrjitzirlp/Build/Intermediates.noindex/Example-Point.build/Debug-iphonesimulator/Example-Point.build/Example-Point-generated-files.hmap -Xcc -I/Users/takemiyamakoto/Library/Developer/Xcode/DerivedData/Example-Point-daqocnfdxtrgzugpbljrjitzirlp/Build/Intermediates.noindex/Example-Point.build/Debug-iphonesimulator/Example-Point.build/Example-Point-own-target-headers.hmap -Xcc -I/Users/takemiyamakoto/Library/Developer/Xcode/DerivedData/Example-Point-daqocnfdxtrgzugpbljrjitzirlp/Build/Intermediates.noindex/Example-Point.build/Debug-iphonesimulator/Example-Point.build/Example-Point-all-non-framework-target-headers.hmap -Xcc -ivfsoverlay -Xcc /Users/takemiyamakoto/Library/Developer/Xcode/DerivedData/Example-Point-daqocnfdxtrgzugpbljrjitzirlp/Build/Intermediates.noindex/Example-Point.build/Debug-iphonesimulator/Example-Point-4aac4b56b6d2fa8831684f1553d5d942-VFS-iphonesimulator/all-product-headers.yaml -Xcc -iquote -Xcc /Users/takemiyamakoto/Library/Developer/Xcode/DerivedData/Example-Point-daqocnfdxtrgzugpbljrjitzirlp/Build/Intermediates.noindex/Example-Point.build/Debug-iphonesimulator/Example-Point.build/Example-Point-project-headers.hmap -Xcc -I/Users/takemiyamakoto/Library/Developer/Xcode/DerivedData/Example-Point-daqocnfdxtrgzugpbljrjitzirlp/Build/Products/Debug-iphonesimulator/include -Xcc -I/Users/takemiyamakoto/Library/Developer/Xcode/DerivedData/Example-Point-daqocnfdxtrgzugpbljrjitzirlp/Build/Products/Debug-iphonesimulator/Alamofire/Alamofire.framework/Headers -Xcc -I/Users/takemiyamakoto/Library/Developer/Xcode/DerivedData/Example-Point-daqocnfdxtrgzugpbljrjitzirlp/Build/Products/Debug-iphonesimulator/IrohaSwift/IrohaSwift.framework/Headers -Xcc -I/Users/takemiyamakoto/Library/Developer/Xcode/DerivedData/Example-Point-daqocnfdxtrgzugpbljrjitzirlp/Build/Products/Debug-iphonesimulator/KeychainAccess/KeychainAccess.framework/Headers -Xcc -I/Users/takemiyamakoto/Library/Developer/Xcode/DerivedData/Example-Point-daqocnfdxtrgzugpbljrjitzirlp/Build/Products/Debug-iphonesimulator/PMAlertController/PMAlertController.framework/Headers -Xcc -I/Users/takemiyamakoto/Library/Developer/Xcode/DerivedData/Example-Point-daqocnfdxtrgzugpbljrjitzirlp/Build/Products/Debug-iphonesimulator/SwiftyJSON/SwiftyJSON.framework/Headers -Xcc -I/Users/takemiyamakoto/Library/Developer/Xcode/DerivedData/Example-Point-daqocnfdxtrgzugpbljrjitzirlp/Build/Products/Debug-iphonesimulator/TextFieldEffects/TextFieldEffects.framework/Headers -Xcc -I/Users/takemiyamakoto/Library/Developer/Xcode/DerivedData/Example-Point-daqocnfdxtrgzugpbljrjitzirlp/Build/Products/Debug-iphonesimulator/Toast-Swift/Toast_Swift.framework/Headers -Xcc -I/Users/takemiyamakoto/Library/Developer/Xcode/DerivedData/Example-Point-daqocnfdxtrgzugpbljrjitzirlp/Build/Intermediates.noindex/Example-Point.build/Debug-iphonesimulator/Example-Point.build/DerivedSources-normal/arm64 -Xcc -I/Users/takemiyamakoto/Library/Developer/Xcode/DerivedData/Example-Point-daqocnfdxtrgzugpbljrjitzirlp/Build/Intermediates.noindex/Example-Point.build/Debug-iphonesimulator/Example-Point.build/DerivedSources/arm64 -Xcc -I/Users/takemiyamakoto/Library/Developer/Xcode/DerivedData/Example-Point-daqocnfdxtrgzugpbljrjitzirlp/Build/Intermediates.noindex/Example-Point.build/Debug-iphonesimulator/Example-Point.build/DerivedSources -Xcc -DDEBUG\=1 -Xcc -DCOCOAPODS\=1 -emit-objc-header -emit-objc-header-path /Users/takemiyamakoto/Library/Developer/Xcode/DerivedData/Example-Point-daqocnfdxtrgzugpbljrjitzirlp/Build/Intermediates.noindex/Example-Point.build/Debug-iphonesimulator/Example-Point.build/Objects-normal/arm64/Example_Point-Swift.h -working-directory /Users/takemiyamakoto/dev/iroha-demo-ios/Example-Point -experimental-emit-module-separately -disable-cmo
warning: Overriding deployment version from '19.0' to '26.0' (in target 'Example-Point' from project 'Example-Point')

CompileAssetCatalogVariant thinned /Users/takemiyamakoto/Library/Developer/Xcode/DerivedData/Example-Point-daqocnfdxtrgzugpbljrjitzirlp/Build/Products/Debug-iphonesimulator/Example-Point.app /Users/takemiyamakoto/dev/iroha-demo-ios/Example-Point/Example-Point/Assets.xcassets (in target 'Example-Point' from project 'Example-Point')
    cd /Users/takemiyamakoto/dev/iroha-demo-ios/Example-Point
    /Applications/Xcode.app/Contents/Developer/usr/bin/actool /Users/takemiyamakoto/dev/iroha-demo-ios/Example-Point/Example-Point/Assets.xcassets --compile /Users/takemiyamakoto/Library/Developer/Xcode/DerivedData/Example-Point-daqocnfdxtrgzugpbljrjitzirlp/Build/Intermediates.noindex/Example-Point.build/Debug-iphonesimulator/Example-Point.build/assetcatalog_output/thinned --output-format human-readable-text --notices --warnings --export-dependency-info /Users/takemiyamakoto/Library/Developer/Xcode/DerivedData/Example-Point-daqocnfdxtrgzugpbljrjitzirlp/Build/Intermediates.noindex/Example-Point.build/Debug-iphonesimulator/Example-Point.build/assetcatalog_dependencies_thinned --output-partial-info-plist /Users/takemiyamakoto/Library/Developer/Xcode/DerivedData/Example-Point-daqocnfdxtrgzugpbljrjitzirlp/Build/Intermediates.noindex/Example-Point.build/Debug-iphonesimulator/Example-Point.build/assetcatalog_generated_info.plist_thinned --app-icon AppIcon --compress-pngs --enable-on-demand-resources YES --filter-for-thinning-device-configuration iPhone17,1 --filter-for-device-os-version 26.1 --development-region English --target-device iphone --minimum-deployment-target 19.0 --platform iphonesimulator

SwiftEmitModule normal arm64 Emitting\ module\ for\ Example_Point (in target 'Example-Point' from project 'Example-Point')

EmitSwiftModule normal arm64 (in target 'Example-Point' from project 'Example-Point')
    cd /Users/takemiyamakoto/dev/iroha-demo-ios/Example-Point
    
<unknown>:0: warning: overriding deployment version from '19.0' to '26.0'

SwiftCompile normal arm64 Compiling\ QRImgGenerator.swift /Users/takemiyamakoto/dev/iroha-demo-ios/Example-Point/Example-Point/QRImgGenerator.swift (in target 'Example-Point' from project 'Example-Point')

SwiftCompile normal arm64 /Users/takemiyamakoto/dev/iroha-demo-ios/Example-Point/Example-Point/QRImgGenerator.swift (in target 'Example-Point' from project 'Example-Point')
    cd /Users/takemiyamakoto/dev/iroha-demo-ios/Example-Point
    
<unknown>:0: warning: overriding deployment version from '19.0' to '26.0'

SwiftCompile normal arm64 Compiling\ QRViewController.swift /Users/takemiyamakoto/dev/iroha-demo-ios/Example-Point/Example-Point/QRViewController.swift (in target 'Example-Point' from project 'Example-Point')
Failed frontend command:
/Applications/Xcode.app/Contents/Developer/Toolchains/XcodeDefault.xctoolchain/usr/bin/swift-frontend -frontend -c /Users/takemiyamakoto/dev/iroha-demo-ios/Example-Point/Example-Point/ViewController.swift /Users/takemiyamakoto/dev/iroha-demo-ios/Example-Point/Example-Point/RegisterViewController.swift /Users/takemiyamakoto/dev/iroha-demo-ios/Example-Point/Example-Point/TransactionCell.swift /Users/takemiyamakoto/dev/iroha-demo-ios/Example-Point/Example-Point/AppDelegate.swift /Users/takemiyamakoto/dev/iroha-demo-ios/Example-Point/Example-Point/ReceiveViewController.swift /Users/takemiyamakoto/dev/iroha-demo-ios/Example-Point/Example-Point/ToriiConfiguration.swift /Users/takemiyamakoto/dev/iroha-demo-ios/Example-Point/Example-Point/ToriiService.swift /Users/takemiyamakoto/dev/iroha-demo-ios/Example-Point/Example-Point/DataManager.swift /Users/takemiyamakoto/dev/iroha-demo-ios/Example-Point/Example-Point/KeychainSession.swift /Users/takemiyamakoto/dev/iroha-demo-ios/Example-Point/Example-Point/CryptoHelpers.swift /Users/takemiyamakoto/dev/iroha-demo-ios/Example-Point/Example-Point/Notifications.swift /Users/takemiyamakoto/dev/iroha-demo-ios/Example-Point/Example-Point/WalletTableViewController.swift /Users/takemiyamakoto/dev/iroha-demo-ios/Example-Point/Example-Point/SendViewController.swift -primary-file /Users/takemiyamakoto/dev/iroha-demo-ios/Example-Point/Example-Point/QRViewController.swift /Users/takemiyamakoto/dev/iroha-demo-ios/Example-Point/Example-Point/QRImgGenerator.swift /Users/takemiyamakoto/dev/iroha-demo-ios/Example-Point/Example-Point/KeychainManager.swift /Users/takemiyamakoto/dev/iroha-demo-ios/Example-Point/Example-Point/ColorExtension.swift /Users/takemiyamakoto/Library/Developer/Xcode/DerivedData/Example-Point-daqocnfdxtrgzugpbljrjitzirlp/Build/Intermediates.noindex/Example-Point.build/Debug-iphonesimulator/Example-Point.build/DerivedSources/GeneratedAssetSymbols.swift -emit-dependencies-path /Users/takemiyamakoto/Library/Developer/Xcode/DerivedData/Example-Point-daqocnfdxtrgzugpbljrjitzirlp/Build/Intermediates.noindex/Example-Point.build/Debug-iphonesimulator/Example-Point.build/Objects-normal/arm64/QRViewController.d -emit-const-values-path /Users/takemiyamakoto/Library/Developer/Xcode/DerivedData/Example-Point-daqocnfdxtrgzugpbljrjitzirlp/Build/Intermediates.noindex/Example-Point.build/Debug-iphonesimulator/Example-Point.build/Objects-normal/arm64/QRViewController.swiftconstvalues -emit-reference-dependencies-path /Users/takemiyamakoto/Library/Developer/Xcode/DerivedData/Example-Point-daqocnfdxtrgzugpbljrjitzirlp/Build/Intermediates.noindex/Example-Point.build/Debug-iphonesimulator/Example-Point.build/Objects-normal/arm64/QRViewController.swiftdeps -serialize-diagnostics-path /Users/takemiyamakoto/Library/Developer/Xcode/DerivedData/Example-Point-daqocnfdxtrgzugpbljrjitzirlp/Build/Intermediates.noindex/Example-Point.build/Debug-iphonesimulator/Example-Point.build/Objects-normal/arm64/QRViewController.dia -target arm64-apple-ios19.0-simulator -module-can-import-version DeveloperToolsSupport 23.0.4 23.0.4 -load-resolved-plugin /Applications/Xcode.app/Contents/Developer/Platforms/iPhoneOS.platform/Developer/usr/lib/swift/host/plugins/libFoundationMacros.dylib\#/Applications/Xcode.app/Contents/Developer/Platforms/iPhoneOS.platform/Developer/usr/bin/swift-plugin-server\#FoundationMacros -load-resolved-plugin /Applications/Xcode.app/Contents/Developer/Platforms/iPhoneOS.platform/Developer/usr/lib/swift/host/plugins/libObservationMacros.dylib\#/Applications/Xcode.app/Contents/Developer/Platforms/iPhoneOS.platform/Developer/usr/bin/swift-plugin-server\#ObservationMacros -load-resolved-plugin /Applications/Xcode.app/Contents/Developer/Platforms/iPhoneOS.platform/Developer/usr/lib/swift/host/plugins/libPreviewsMacros.dylib\#/Applications/Xcode.app/Contents/Developer/Platforms/iPhoneOS.platform/Developer/usr/bin/swift-plugin-server\#PreviewsMacros -load-resolved-plugin /Applications/Xcode.app/Contents/Developer/Platforms/iPhoneOS.platform/Developer/usr/lib/swift/host/plugins/libSwiftMacros.dylib\#/Applications/Xcode.app/Contents/Developer/Platforms/iPhoneOS.platform/Developer/usr/bin/swift-plugin-server\#SwiftMacros -load-resolved-plugin /Applications/Xcode.app/Contents/Developer/Platforms/iPhoneOS.platform/Developer/usr/lib/swift/host/plugins/libSwiftUIMacros.dylib\#/Applications/Xcode.app/Contents/Developer/Platforms/iPhoneOS.platform/Developer/usr/bin/swift-plugin-server\#SwiftUIMacros -disable-implicit-swift-modules -Xcc -fno-implicit-modules -Xcc -fno-implicit-module-maps -explicit-swift-module-map-file /Users/takemiyamakoto/Library/Developer/Xcode/DerivedData/Example-Point-daqocnfdxtrgzugpbljrjitzirlp/Build/Intermediates.noindex/Example-Point.build/Debug-iphonesimulator/Example-Point.build/Objects-normal/arm64/Example_Point-dependencies-1.json -Xllvm -aarch64-use-tbi -enable-objc-interop -sdk /Applications/Xcode.app/Contents/Developer/Platforms/iPhoneSimulator.platform/Developer/SDKs/iPhoneSimulator26.1.sdk -I /Users/takemiyamakoto/Library/Developer/Xcode/DerivedData/Example-Point-daqocnfdxtrgzugpbljrjitzirlp/Build/Products/Debug-iphonesimulator -F /Users/takemiyamakoto/Library/Developer/Xcode/DerivedData/Example-Point-daqocnfdxtrgzugpbljrjitzirlp/Build/Products/Debug-iphonesimulator -F /Users/takemiyamakoto/Library/Developer/Xcode/DerivedData/Example-Point-daqocnfdxtrgzugpbljrjitzirlp/Build/Products/Debug-iphonesimulator/Alamofire -F /Users/takemiyamakoto/Library/Developer/Xcode/DerivedData/Example-Point-daqocnfdxtrgzugpbljrjitzirlp/Build/Products/Debug-iphonesimulator/IrohaSwift -F /Users/takemiyamakoto/Library/Developer/Xcode/DerivedData/Example-Point-daqocnfdxtrgzugpbljrjitzirlp/Build/Products/Debug-iphonesimulator/KeychainAccess -F /Users/takemiyamakoto/Library/Developer/Xcode/DerivedData/Example-Point-daqocnfdxtrgzugpbljrjitzirlp/Build/Products/Debug-iphonesimulator/PMAlertController -F /Users/takemiyamakoto/Library/Developer/Xcode/DerivedData/Example-Point-daqocnfdxtrgzugpbljrjitzirlp/Build/Products/Debug-iphonesimulator/SwiftyJSON -F /Users/takemiyamakoto/Library/Developer/Xcode/DerivedData/Example-Point-daqocnfdxtrgzugpbljrjitzirlp/Build/Products/Debug-iphonesimulator/TextFieldEffects -F /Users/takemiyamakoto/Library/Developer/Xcode/DerivedData/Example-Point-daqocnfdxtrgzugpbljrjitzirlp/Build/Products/Debug-iphonesimulator/Toast-Swift -F /Users/takemiyamakoto/dev/iroha-demo-ios/Vendor/NoritoBridge -F /Users/takemiyamakoto/Library/Developer/Xcode/DerivedData/Example-Point-daqocnfdxtrgzugpbljrjitzirlp/Build/Products/Debug-iphonesimulator/XCFrameworkIntermediates/NoritoBridge -no-color-diagnostics -Xcc -fno-color-diagnostics -enable-testing -g -debug-info-format\=dwarf -dwarf-version\=5 -module-cache-path /Users/takemiyamakoto/Library/Developer/Xcode/DerivedData/Example-Point-daqocnfdxtrgzugpbljrjitzirlp/Build/Intermediates.noindex/SwiftExplicitPrecompiledModules -profile-generate -profile-coverage-mapping -swift-version 5 -enforce-exclusivity\=checked -Onone -D DEBUG -D COCOAPODS -serialize-debugging-options -const-gather-protocols-file /Users/takemiyamakoto/Library/Developer/Xcode/DerivedData/Example-Point-daqocnfdxtrgzugpbljrjitzirlp/Build/Intermediates.noindex/Example-Point.build/Debug-iphonesimulator/Example-Point.build/Objects-normal/arm64/Example-Point_const_extract_protocols.json -enable-experimental-feature DebugDescriptionMacro -enable-bare-slash-regex -empty-abi-descriptor -validate-clang-modules-once -clang-build-session-file /Users/takemiyamakoto/Library/Developer/Xcode/DerivedData/ModuleCache.noindex/Session.modulevalidation -Xcc -working-directory -Xcc /Users/takemiyamakoto/dev/iroha-demo-ios/Example-Point -enable-anonymous-context-mangled-names -file-compilation-dir /Users/takemiyamakoto/dev/iroha-demo-ios/Example-Point -Xcc -D_LIBCPP_HARDENING_MODE\=_LIBCPP_HARDENING_MODE_DEBUG -Xcc -ivfsstatcache -Xcc /Users/takemiyamakoto/Library/Developer/Xcode/DerivedData/SDKStatCaches.noindex/iphonesimulator26.1-23B77-90cf18a4295e390e64c810bc6bd7acbc.sdkstatcache -Xcc -I/Users/takemiyamakoto/Library/Developer/Xcode/DerivedData/Example-Point-daqocnfdxtrgzugpbljrjitzirlp/Build/Intermediates.noindex/Example-Point.build/Debug-iphonesimulator/Example-Point.build/swift-overrides.hmap -Xcc -iquote -Xcc /Users/takemiyamakoto/Library/Developer/Xcode/DerivedData/Example-Point-daqocnfdxtrgzugpbljrjitzirlp/Build/Intermediates.noindex/Example-Point.build/Debug-iphonesimulator/Example-Point.build/Example-Point-generated-files.hmap -Xcc -I/Users/takemiyamakoto/Library/Developer/Xcode/DerivedData/Example-Point-daqocnfdxtrgzugpbljrjitzirlp/Build/Intermediates.noindex/Example-Point.build/Debug-iphonesimulator/Example-Point.build/Example-Point-own-target-headers.hmap -Xcc -I/Users/takemiyamakoto/Library/Developer/Xcode/DerivedData/Example-Point-daqocnfdxtrgzugpbljrjitzirlp/Build/Intermediates.noindex/Example-Point.build/Debug-iphonesimulator/Example-Point.build/Example-Point-all-non-framework-target-headers.hmap -Xcc -ivfsoverlay -Xcc /Users/takemiyamakoto/Library/Developer/Xcode/DerivedData/Example-Point-daqocnfdxtrgzugpbljrjitzirlp/Build/Intermediates.noindex/Example-Point.build/Debug-iphonesimulator/Example-Point-4aac4b56b6d2fa8831684f1553d5d942-VFS-iphonesimulator/all-product-headers.yaml -Xcc -iquote -Xcc /Users/takemiyamakoto/Library/Developer/Xcode/DerivedData/Example-Point-daqocnfdxtrgzugpbljrjitzirlp/Build/Intermediates.noindex/Example-Point.build/Debug-iphonesimulator/Example-Point.build/Example-Point-project-headers.hmap -Xcc -I/Users/takemiyamakoto/Library/Developer/Xcode/DerivedData/Example-Point-daqocnfdxtrgzugpbljrjitzirlp/Build/Products/Debug-iphonesimulator/include -Xcc -I/Users/takemiyamakoto/Library/Developer/Xcode/DerivedData/Example-Point-daqocnfdxtrgzugpbljrjitzirlp/Build/Products/Debug-iphonesimulator/Alamofire/Alamofire.framework/Headers -Xcc -I/Users/takemiyamakoto/Library/Developer/Xcode/DerivedData/Example-Point-daqocnfdxtrgzugpbljrjitzirlp/Build/Products/Debug-iphonesimulator/IrohaSwift/IrohaSwift.framework/Headers -Xcc -I/Users/takemiyamakoto/Library/Developer/Xcode/DerivedData/Example-Point-daqocnfdxtrgzugpbljrjitzirlp/Build/Products/Debug-iphonesimulator/KeychainAccess/KeychainAccess.framework/Headers -Xcc -I/Users/takemiyamakoto/Library/Developer/Xcode/DerivedData/Example-Point-daqocnfdxtrgzugpbljrjitzirlp/Build/Products/Debug-iphonesimulator/PMAlertController/PMAlertController.framework/Headers -Xcc -I/Users/takemiyamakoto/Library/Developer/Xcode/DerivedData/Example-Point-daqocnfdxtrgzugpbljrjitzirlp/Build/Products/Debug-iphonesimulator/SwiftyJSON/SwiftyJSON.framework/Headers -Xcc -I/Users/takemiyamakoto/Library/Developer/Xcode/DerivedData/Example-Point-daqocnfdxtrgzugpbljrjitzirlp/Build/Products/Debug-iphonesimulator/TextFieldEffects/TextFieldEffects.framework/Headers -Xcc -I/Users/takemiyamakoto/Library/Developer/Xcode/DerivedData/Example-Point-daqocnfdxtrgzugpbljrjitzirlp/Build/Products/Debug-iphonesimulator/Toast-Swift/Toast_Swift.framework/Headers -Xcc -I/Users/takemiyamakoto/Library/Developer/Xcode/DerivedData/Example-Point-daqocnfdxtrgzugpbljrjitzirlp/Build/Intermediates.noindex/Example-Point.build/Debug-iphonesimulator/Example-Point.build/DerivedSources-normal/arm64 -Xcc -I/Users/takemiyamakoto/Library/Developer/Xcode/DerivedData/Example-Point-daqocnfdxtrgzugpbljrjitzirlp/Build/Intermediates.noindex/Example-Point.build/Debug-iphonesimulator/Example-Point.build/DerivedSources/arm64 -Xcc -I/Users/takemiyamakoto/Library/Developer/Xcode/DerivedData/Example-Point-daqocnfdxtrgzugpbljrjitzirlp/Build/Intermediates.noindex/Example-Point.build/Debug-iphonesimulator/Example-Point.build/DerivedSources -Xcc -DDEBUG\=1 -Xcc -DCOCOAPODS\=1 -no-auto-bridging-header-chaining -module-name Example_Point -frontend-parseable-output -disable-clang-spi -target-sdk-version 26.1 -target-sdk-name iphonesimulator26.1 -clang-target arm64-apple-ios26.1-simulator -in-process-plugin-server-path /Applications/Xcode.app/Contents/Developer/Toolchains/XcodeDefault.xctoolchain/usr/lib/swift/host/libSwiftInProcPluginServer.dylib -o /Users/takemiyamakoto/Library/Developer/Xcode/DerivedData/Example-Point-daqocnfdxtrgzugpbljrjitzirlp/Build/Intermediates.noindex/Example-Point.build/Debug-iphonesimulator/Example-Point.build/Objects-normal/arm64/QRViewController.o -index-unit-output-path /Example-Point.build/Debug-iphonesimulator/Example-Point.build/Objects-normal/arm64/QRViewController.o -index-store-path /Users/takemiyamakoto/Library/Developer/Xcode/DerivedData/Example-Point-daqocnfdxtrgzugpbljrjitzirlp/Index.noindex/DataStore -index-system-modules

SwiftCompile normal arm64 /Users/takemiyamakoto/dev/iroha-demo-ios/Example-Point/Example-Point/QRViewController.swift (in target 'Example-Point' from project 'Example-Point')
    cd /Users/takemiyamakoto/dev/iroha-demo-ios/Example-Point
    
<unknown>:0: warning: overriding deployment version from '19.0' to '26.0'
/Users/takemiyamakoto/dev/iroha-demo-ios/Example-Point/Example-Point/QRViewController.swift:49:65: warning: 'main' was deprecated in iOS 26.0: Use a UIScreen instance found through context instead (i.e, view.window.windowScene.screen), or for properties like UIScreen.scale with trait equivalents, use a traitCollection found through context.
        cameraRegion.frame = CGRect(x: 0, y: 0, width: UIScreen.main.bounds.width, height: UIScreen.main.bounds.height)
                                                                ^
/Users/takemiyamakoto/dev/iroha-demo-ios/Example-Point/Example-Point/QRViewController.swift:49:101: warning: 'main' was deprecated in iOS 26.0: Use a UIScreen instance found through context instead (i.e, view.window.windowScene.screen), or for properties like UIScreen.scale with trait equivalents, use a traitCollection found through context.
        cameraRegion.frame = CGRect(x: 0, y: 0, width: UIScreen.main.bounds.width, height: UIScreen.main.bounds.height)
                                                                                                    ^
/Users/takemiyamakoto/dev/iroha-demo-ios/Example-Point/Example-Point/QRViewController.swift:57:53: error: value of optional type 'AVCaptureOutput?' must be unwrapped to a value of type 'AVCaptureOutput'
            self.captureSession.removeOutput(output as? AVCaptureOutput)
                                                    ^
/Users/takemiyamakoto/dev/iroha-demo-ios/Example-Point/Example-Point/QRViewController.swift:57:53: note: coalesce using '??' to provide a default when the optional value contains 'nil'
            self.captureSession.removeOutput(output as? AVCaptureOutput)
                                                    ^
                                                                        ?? <#default value#>
/Users/takemiyamakoto/dev/iroha-demo-ios/Example-Point/Example-Point/QRViewController.swift:57:53: note: force-unwrap using '!' to abort execution if the optional value contains 'nil'
            self.captureSession.removeOutput(output as? AVCaptureOutput)
                                                    ^
                                             (                         )!
/Users/takemiyamakoto/dev/iroha-demo-ios/Example-Point/Example-Point/QRViewController.swift:57:53: warning: conditional cast from 'AVCaptureOutput' to 'AVCaptureOutput' always succeeds
            self.captureSession.removeOutput(output as? AVCaptureOutput)
                                                    ^
/Users/takemiyamakoto/dev/iroha-demo-ios/Example-Point/Example-Point/QRViewController.swift:61:51: error: value of optional type 'AVCaptureInput?' must be unwrapped to a value of type 'AVCaptureInput'
            self.captureSession.removeInput(input as? AVCaptureInput)
                                                  ^
/Users/takemiyamakoto/dev/iroha-demo-ios/Example-Point/Example-Point/QRViewController.swift:61:51: note: coalesce using '??' to provide a default when the optional value contains 'nil'
            self.captureSession.removeInput(input as? AVCaptureInput)
                                                  ^
                                                                     ?? <#default value#>
/Users/takemiyamakoto/dev/iroha-demo-ios/Example-Point/Example-Point/QRViewController.swift:61:51: note: force-unwrap using '!' to abort execution if the optional value contains 'nil'
            self.captureSession.removeInput(input as? AVCaptureInput)
                                                  ^
                                            (                       )!
/Users/takemiyamakoto/dev/iroha-demo-ios/Example-Point/Example-Point/QRViewController.swift:61:51: warning: conditional cast from 'AVCaptureInput' to 'AVCaptureInput' always succeeds
            self.captureSession.removeInput(input as? AVCaptureInput)
                                                  ^
/Users/takemiyamakoto/dev/iroha-demo-ios/Example-Point/Example-Point/QRViewController.swift:72:46: error: type 'AVCaptureDevice' has no member 'defaultDevice'
        self.captureDevice = AVCaptureDevice.defaultDevice(withMediaType: AVMediaTypeVideo)
                             ~~~~~~~~~~~~~~~ ^~~~~~~~~~~~~
/Users/takemiyamakoto/dev/iroha-demo-ios/Example-Point/Example-Point/QRViewController.swift:74:64: error: value of optional type 'AVCaptureDevice?' must be unwrapped to a value of type 'AVCaptureDevice'
            self.input = try AVCaptureDeviceInput(device: self.captureDevice) as AVCaptureDeviceInput
                                                               ^
/Users/takemiyamakoto/dev/iroha-demo-ios/Example-Point/Example-Point/QRViewController.swift:74:64: note: coalesce using '??' to provide a default when the optional value contains 'nil'
            self.input = try AVCaptureDeviceInput(device: self.captureDevice) as AVCaptureDeviceInput
                                                               ^
                                                                             ?? <#default value#>
/Users/takemiyamakoto/dev/iroha-demo-ios/Example-Point/Example-Point/QRViewController.swift:74:64: note: force-unwrap using '!' to abort execution if the optional value contains 'nil'
            self.input = try AVCaptureDeviceInput(device: self.captureDevice) as AVCaptureDeviceInput
                                                               ^
                                                                            !
/Users/takemiyamakoto/dev/iroha-demo-ios/Example-Point/Example-Point/QRViewController.swift:85:43: error: 'AVLayerVideoGravityResizeAspectFill' has been renamed to 'AVLayerVideoGravity.resizeAspectFill'
        self.previewLayer!.videoGravity = AVLayerVideoGravityResizeAspectFill
                                          ^~~~~~~~~~~~~~~~~~~~~~~~~~~~~~~~~~~
                                          AVLayerVideoGravity.resizeAspectFill
/Applications/Xcode.app/Contents/Developer/Platforms/iPhoneSimulator.platform/Developer/SDKs/iPhoneSimulator26.1.sdk/System/Library/Frameworks/AVFoundation.framework/Headers/AVAnimation.h:40:38: note: 'AVLayerVideoGravityResizeAspectFill' was obsoleted in Swift 3
AVF_EXPORT AVLayerVideoGravity const AVLayerVideoGravityResizeAspectFill API_AVAILABLE(macos(10.7), ios(4.0), tvos(9.0), visionos(1.0)) API_UNAVAILABLE(watchos);
                                     ^
/Users/takemiyamakoto/dev/iroha-demo-ios/Example-Point/Example-Point/QRViewController.swift:93:44: error: 'AVMetadataObjectTypeQRCode' has been renamed to 'AVMetadataObject.ObjectType.qr'
        self.output.metadataObjectTypes = [AVMetadataObjectTypeQRCode];
                                           ^~~~~~~~~~~~~~~~~~~~~~~~~~
                                           AVMetadataObject.ObjectType.qr
/Applications/Xcode.app/Contents/Developer/Platforms/iPhoneSimulator.platform/Developer/SDKs/iPhoneSimulator26.1.sdk/System/Library/Frameworks/AVFoundation.framework/Headers/AVMetadataObject.h:487:39: note: 'AVMetadataObjectTypeQRCode' was obsoleted in Swift 3
AVF_EXPORT AVMetadataObjectType const AVMetadataObjectTypeQRCode API_AVAILABLE(macos(10.15), ios(7.0), macCatalyst(14.0), tvos(9.0)) API_UNAVAILABLE(watchos, visionos);
                                      ^
/Users/takemiyamakoto/dev/iroha-demo-ios/Example-Point/Example-Point/QRViewController.swift:96:19: error: 'sendSubview(toBack:)' has been renamed to 'sendSubviewToBack(_:)'
        self.view.sendSubview(toBack: self.cameraRegion)
                  ^~~~~~~~~~~ ~~~~~~~~
                  sendSubviewToBack 
UIKit.UIView.sendSubview:3:24: note: 'sendSubview(toBack:)' was obsoleted in Swift 4.2
  @MainActor open func sendSubview(toBack view: UIView)}
                       ^
/Users/takemiyamakoto/dev/iroha-demo-ios/Example-Point/Example-Point/QRViewController.swift:103:44: error: 'AVMetadataObjectTypeQRCode' has been renamed to 'AVMetadataObject.ObjectType.qr'
            if (data as AnyObject).type == AVMetadataObjectTypeQRCode {
                                           ^~~~~~~~~~~~~~~~~~~~~~~~~~
                                           AVMetadataObject.ObjectType.qr
/Applications/Xcode.app/Contents/Developer/Platforms/iPhoneSimulator.platform/Developer/SDKs/iPhoneSimulator26.1.sdk/System/Library/Frameworks/AVFoundation.framework/Headers/AVMetadataObject.h:487:39: note: 'AVMetadataObjectTypeQRCode' was obsoleted in Swift 3
AVF_EXPORT AVMetadataObjectType const AVMetadataObjectTypeQRCode API_AVAILABLE(macos(10.15), ios(7.0), macCatalyst(14.0), tvos(9.0)) API_UNAVAILABLE(watchos, visionos);
                                      ^
/Users/takemiyamakoto/dev/iroha-demo-ios/Example-Point/Example-Point/QRViewController.swift:104:88: error: value of optional type 'String?' must be unwrapped to a value of type 'String'
                let dataValue: String = (data as! AVMetadataMachineReadableCodeObject).stringValue
                                                                                       ^
/Users/takemiyamakoto/dev/iroha-demo-ios/Example-Point/Example-Point/QRViewController.swift:104:88: note: coalesce using '??' to provide a default when the optional value contains 'nil'
                let dataValue: String = (data as! AVMetadataMachineReadableCodeObject).stringValue
                                                                                       ^
                                                                                                   ?? <#default value#>
/Users/takemiyamakoto/dev/iroha-demo-ios/Example-Point/Example-Point/QRViewController.swift:104:88: note: force-unwrap using '!' to abort execution if the optional value contains 'nil'
                let dataValue: String = (data as! AVMetadataMachineReadableCodeObject).stringValue
                                                                                       ^
                                                                                                  !
/Users/takemiyamakoto/dev/iroha-demo-ios/Example-Point/Example-Point/QRViewController.swift:106:23: warning: expression implicitly coerced from '[String : AnyObject]?' to 'Any'
                print(cnvData)
                      ^~~~~~~
/Users/takemiyamakoto/dev/iroha-demo-ios/Example-Point/Example-Point/QRViewController.swift:106:23: note: provide a default value to avoid this warning
                print(cnvData)
                      ^~~~~~~
                              ?? <#default value#>
/Users/takemiyamakoto/dev/iroha-demo-ios/Example-Point/Example-Point/QRViewController.swift:106:23: note: force-unwrap the value to avoid this warning
                print(cnvData)
                      ^~~~~~~
                             !
/Users/takemiyamakoto/dev/iroha-demo-ios/Example-Point/Example-Point/QRViewController.swift:106:23: note: explicitly cast to 'Any' with 'as Any' to silence this warning
                print(cnvData)
                      ^~~~~~~
                              as Any
/Users/takemiyamakoto/dev/iroha-demo-ios/Example-Point/Example-Point/QRViewController.swift:110:48: warning: treating a forced downcast to 'String' as optional will never produce 'nil'
                        if(dataDict["account"] as! String == KeychainManager.instance.keychain["publicKey"]){
                                               ^
/Users/takemiyamakoto/dev/iroha-demo-ios/Example-Point/Example-Point/QRViewController.swift:110:50: note: use 'as?' to perform a conditional downcast to 'String'
                        if(dataDict["account"] as! String == KeychainManager.instance.keychain["publicKey"]){
                                                 ^
                                                 ?
/Users/takemiyamakoto/dev/iroha-demo-ios/Example-Point/Example-Point/QRViewController.swift:110:28: note: add parentheses around the cast to silence this warning
                        if(dataDict["account"] as! String == KeychainManager.instance.keychain["publicKey"]){
                           ^
                           (                             )
/Users/takemiyamakoto/dev/iroha-demo-ios/Example-Point/Example-Point/QRViewController.swift:122:36: error: value of type 'SendViewController' has no member 'amount'
                            prevvc.amount = ""
                            ~~~~~~ ^~~~~~
/Users/takemiyamakoto/dev/iroha-demo-ios/Example-Point/Example-Point/QRViewController.swift:124:36: error: value of type 'SendViewController' has no member 'amount'
                            prevvc.amount = "\(dataDict["amount"]!)"
                            ~~~~~~ ^~~~~~
/Users/takemiyamakoto/dev/iroha-demo-ios/Example-Point/Example-Point/QRViewController.swift:126:32: error: value of type 'SendViewController' has no member 'to'
                        prevvc.to = dataDict["account"] as! String
                        ~~~~~~ ^~

SwiftDriverJobDiscovery normal arm64 Compiling QRImgGenerator.swift (in target 'Example-Point' from project 'Example-Point')

SwiftCompile normal arm64 Compiling\ ReceiveViewController.swift /Users/takemiyamakoto/dev/iroha-demo-ios/Example-Point/Example-Point/ReceiveViewController.swift (in target 'Example-Point' from project 'Example-Point')

SwiftCompile normal arm64 /Users/takemiyamakoto/dev/iroha-demo-ios/Example-Point/Example-Point/ReceiveViewController.swift (in target 'Example-Point' from project 'Example-Point')
    cd /Users/takemiyamakoto/dev/iroha-demo-ios/Example-Point
    
<unknown>:0: warning: overriding deployment version from '19.0' to '26.0'

SwiftDriverJobDiscovery normal arm64 Emitting module for Example_Point (in target 'Example-Point' from project 'Example-Point')

SwiftDriver\ Compilation\ Requirements Example-Point normal arm64 com.apple.xcode.tools.swift.compiler (in target 'Example-Point' from project 'Example-Point')
    cd /Users/takemiyamakoto/dev/iroha-demo-ios/Example-Point
    builtin-Swift-Compilation-Requirements -- /Applications/Xcode.app/Contents/Developer/Toolchains/XcodeDefault.xctoolchain/usr/bin/swiftc -module-name Example_Point -Onone -enforce-exclusivity\=checked @/Users/takemiyamakoto/Library/Developer/Xcode/DerivedData/Example-Point-daqocnfdxtrgzugpbljrjitzirlp/Build/Intermediates.noindex/Example-Point.build/Debug-iphonesimulator/Example-Point.build/Objects-normal/arm64/Example-Point.SwiftFileList -DDEBUG -D COCOAPODS -enable-bare-slash-regex -enable-experimental-feature DebugDescriptionMacro -sdk /Applications/Xcode.app/Contents/Developer/Platforms/iPhoneSimulator.platform/Developer/SDKs/iPhoneSimulator26.1.sdk -target arm64-apple-ios19.0-simulator -g -module-cache-path /Users/takemiyamakoto/Library/Developer/Xcode/DerivedData/ModuleCache.noindex -Xfrontend -serialize-debugging-options -profile-coverage-mapping -profile-generate -enable-testing -index-store-path /Users/takemiyamakoto/Library/Developer/Xcode/DerivedData/Example-Point-daqocnfdxtrgzugpbljrjitzirlp/Index.noindex/DataStore -Xcc -D_LIBCPP_HARDENING_MODE\=_LIBCPP_HARDENING_MODE_DEBUG -swift-version 5 -I /Users/takemiyamakoto/Library/Developer/Xcode/DerivedData/Example-Point-daqocnfdxtrgzugpbljrjitzirlp/Build/Products/Debug-iphonesimulator -F /Users/takemiyamakoto/Library/Developer/Xcode/DerivedData/Example-Point-daqocnfdxtrgzugpbljrjitzirlp/Build/Products/Debug-iphonesimulator -F /Users/takemiyamakoto/Library/Developer/Xcode/DerivedData/Example-Point-daqocnfdxtrgzugpbljrjitzirlp/Build/Products/Debug-iphonesimulator/Alamofire -F /Users/takemiyamakoto/Library/Developer/Xcode/DerivedData/Example-Point-daqocnfdxtrgzugpbljrjitzirlp/Build/Products/Debug-iphonesimulator/IrohaSwift -F /Users/takemiyamakoto/Library/Developer/Xcode/DerivedData/Example-Point-daqocnfdxtrgzugpbljrjitzirlp/Build/Products/Debug-iphonesimulator/KeychainAccess -F /Users/takemiyamakoto/Library/Developer/Xcode/DerivedData/Example-Point-daqocnfdxtrgzugpbljrjitzirlp/Build/Products/Debug-iphonesimulator/PMAlertController -F /Users/takemiyamakoto/Library/Developer/Xcode/DerivedData/Example-Point-daqocnfdxtrgzugpbljrjitzirlp/Build/Products/Debug-iphonesimulator/SwiftyJSON -F /Users/takemiyamakoto/Library/Developer/Xcode/DerivedData/Example-Point-daqocnfdxtrgzugpbljrjitzirlp/Build/Products/Debug-iphonesimulator/TextFieldEffects -F /Users/takemiyamakoto/Library/Developer/Xcode/DerivedData/Example-Point-daqocnfdxtrgzugpbljrjitzirlp/Build/Products/Debug-iphonesimulator/Toast-Swift -F /Users/takemiyamakoto/dev/iroha-demo-ios/Vendor/NoritoBridge -F /Users/takemiyamakoto/Library/Developer/Xcode/DerivedData/Example-Point-daqocnfdxtrgzugpbljrjitzirlp/Build/Products/Debug-iphonesimulator/XCFrameworkIntermediates/NoritoBridge -c -j16 -enable-batch-mode -incremental -Xcc -ivfsstatcache -Xcc /Users/takemiyamakoto/Library/Developer/Xcode/DerivedData/SDKStatCaches.noindex/iphonesimulator26.1-23B77-90cf18a4295e390e64c810bc6bd7acbc.sdkstatcache -output-file-map /Users/takemiyamakoto/Library/Developer/Xcode/DerivedData/Example-Point-daqocnfdxtrgzugpbljrjitzirlp/Build/Intermediates.noindex/Example-Point.build/Debug-iphonesimulator/Example-Point.build/Objects-normal/arm64/Example-Point-OutputFileMap.json -use-frontend-parseable-output -save-temps -no-color-diagnostics -explicit-module-build -module-cache-path /Users/takemiyamakoto/Library/Developer/Xcode/DerivedData/Example-Point-daqocnfdxtrgzugpbljrjitzirlp/Build/Intermediates.noindex/SwiftExplicitPrecompiledModules -clang-scanner-module-cache-path /Users/takemiyamakoto/Library/Developer/Xcode/DerivedData/ModuleCache.noindex -sdk-module-cache-path /Users/takemiyamakoto/Library/Developer/Xcode/DerivedData/ModuleCache.noindex -serialize-diagnostics -emit-dependencies -emit-module -emit-module-path /Users/takemiyamakoto/Library/Developer/Xcode/DerivedData/Example-Point-daqocnfdxtrgzugpbljrjitzirlp/Build/Intermediates.noindex/Example-Point.build/Debug-iphonesimulator/Example-Point.build/Objects-normal/arm64/Example_Point.swiftmodule -validate-clang-modules-once -clang-build-session-file /Users/takemiyamakoto/Library/Developer/Xcode/DerivedData/ModuleCache.noindex/Session.modulevalidation -Xcc -I/Users/takemiyamakoto/Library/Developer/Xcode/DerivedData/Example-Point-daqocnfdxtrgzugpbljrjitzirlp/Build/Intermediates.noindex/Example-Point.build/Debug-iphonesimulator/Example-Point.build/swift-overrides.hmap -emit-const-values -Xfrontend -const-gather-protocols-file -Xfrontend /Users/takemiyamakoto/Library/Developer/Xcode/DerivedData/Example-Point-daqocnfdxtrgzugpbljrjitzirlp/Build/Intermediates.noindex/Example-Point.build/Debug-iphonesimulator/Example-Point.build/Objects-normal/arm64/Example-Point_const_extract_protocols.json -Xcc -iquote -Xcc /Users/takemiyamakoto/Library/Developer/Xcode/DerivedData/Example-Point-daqocnfdxtrgzugpbljrjitzirlp/Build/Intermediates.noindex/Example-Point.build/Debug-iphonesimulator/Example-Point.build/Example-Point-generated-files.hmap -Xcc -I/Users/takemiyamakoto/Library/Developer/Xcode/DerivedData/Example-Point-daqocnfdxtrgzugpbljrjitzirlp/Build/Intermediates.noindex/Example-Point.build/Debug-iphonesimulator/Example-Point.build/Example-Point-own-target-headers.hmap -Xcc -I/Users/takemiyamakoto/Library/Developer/Xcode/DerivedData/Example-Point-daqocnfdxtrgzugpbljrjitzirlp/Build/Intermediates.noindex/Example-Point.build/Debug-iphonesimulator/Example-Point.build/Example-Point-all-non-framework-target-headers.hmap -Xcc -ivfsoverlay -Xcc /Users/takemiyamakoto/Library/Developer/Xcode/DerivedData/Example-Point-daqocnfdxtrgzugpbljrjitzirlp/Build/Intermediates.noindex/Example-Point.build/Debug-iphonesimulator/Example-Point-4aac4b56b6d2fa8831684f1553d5d942-VFS-iphonesimulator/all-product-headers.yaml -Xcc -iquote -Xcc /Users/takemiyamakoto/Library/Developer/Xcode/DerivedData/Example-Point-daqocnfdxtrgzugpbljrjitzirlp/Build/Intermediates.noindex/Example-Point.build/Debug-iphonesimulator/Example-Point.build/Example-Point-project-headers.hmap -Xcc -I/Users/takemiyamakoto/Library/Developer/Xcode/DerivedData/Example-Point-daqocnfdxtrgzugpbljrjitzirlp/Build/Products/Debug-iphonesimulator/include -Xcc -I/Users/takemiyamakoto/Library/Developer/Xcode/DerivedData/Example-Point-daqocnfdxtrgzugpbljrjitzirlp/Build/Products/Debug-iphonesimulator/Alamofire/Alamofire.framework/Headers -Xcc -I/Users/takemiyamakoto/Library/Developer/Xcode/DerivedData/Example-Point-daqocnfdxtrgzugpbljrjitzirlp/Build/Products/Debug-iphonesimulator/IrohaSwift/IrohaSwift.framework/Headers -Xcc -I/Users/takemiyamakoto/Library/Developer/Xcode/DerivedData/Example-Point-daqocnfdxtrgzugpbljrjitzirlp/Build/Products/Debug-iphonesimulator/KeychainAccess/KeychainAccess.framework/Headers -Xcc -I/Users/takemiyamakoto/Library/Developer/Xcode/DerivedData/Example-Point-daqocnfdxtrgzugpbljrjitzirlp/Build/Products/Debug-iphonesimulator/PMAlertController/PMAlertController.framework/Headers -Xcc -I/Users/takemiyamakoto/Library/Developer/Xcode/DerivedData/Example-Point-daqocnfdxtrgzugpbljrjitzirlp/Build/Products/Debug-iphonesimulator/SwiftyJSON/SwiftyJSON.framework/Headers -Xcc -I/Users/takemiyamakoto/Library/Developer/Xcode/DerivedData/Example-Point-daqocnfdxtrgzugpbljrjitzirlp/Build/Products/Debug-iphonesimulator/TextFieldEffects/TextFieldEffects.framework/Headers -Xcc -I/Users/takemiyamakoto/Library/Developer/Xcode/DerivedData/Example-Point-daqocnfdxtrgzugpbljrjitzirlp/Build/Products/Debug-iphonesimulator/Toast-Swift/Toast_Swift.framework/Headers -Xcc -I/Users/takemiyamakoto/Library/Developer/Xcode/DerivedData/Example-Point-daqocnfdxtrgzugpbljrjitzirlp/Build/Intermediates.noindex/Example-Point.build/Debug-iphonesimulator/Example-Point.build/DerivedSources-normal/arm64 -Xcc -I/Users/takemiyamakoto/Library/Developer/Xcode/DerivedData/Example-Point-daqocnfdxtrgzugpbljrjitzirlp/Build/Intermediates.noindex/Example-Point.build/Debug-iphonesimulator/Example-Point.build/DerivedSources/arm64 -Xcc -I/Users/takemiyamakoto/Library/Developer/Xcode/DerivedData/Example-Point-daqocnfdxtrgzugpbljrjitzirlp/Build/Intermediates.noindex/Example-Point.build/Debug-iphonesimulator/Example-Point.build/DerivedSources -Xcc -DDEBUG\=1 -Xcc -DCOCOAPODS\=1 -emit-objc-header -emit-objc-header-path /Users/takemiyamakoto/Library/Developer/Xcode/DerivedData/Example-Point-daqocnfdxtrgzugpbljrjitzirlp/Build/Intermediates.noindex/Example-Point.build/Debug-iphonesimulator/Example-Point.build/Objects-normal/arm64/Example_Point-Swift.h -working-directory /Users/takemiyamakoto/dev/iroha-demo-ios/Example-Point -experimental-emit-module-separately -disable-cmo

Copy /Users/takemiyamakoto/Library/Developer/Xcode/DerivedData/Example-Point-daqocnfdxtrgzugpbljrjitzirlp/Build/Products/Debug-iphonesimulator/Example_Point.swiftmodule/arm64-apple-ios-simulator.abi.json /Users/takemiyamakoto/Library/Developer/Xcode/DerivedData/Example-Point-daqocnfdxtrgzugpbljrjitzirlp/Build/Intermediates.noindex/Example-Point.build/Debug-iphonesimulator/Example-Point.build/Objects-normal/arm64/Example_Point.abi.json (in target 'Example-Point' from project 'Example-Point')
    cd /Users/takemiyamakoto/dev/iroha-demo-ios/Example-Point
    builtin-copy -exclude .DS_Store -exclude CVS -exclude .svn -exclude .git -exclude .hg -resolve-src-symlinks -rename /Users/takemiyamakoto/Library/Developer/Xcode/DerivedData/Example-Point-daqocnfdxtrgzugpbljrjitzirlp/Build/Intermediates.noindex/Example-Point.build/Debug-iphonesimulator/Example-Point.build/Objects-normal/arm64/Example_Point.abi.json /Users/takemiyamakoto/Library/Developer/Xcode/DerivedData/Example-Point-daqocnfdxtrgzugpbljrjitzirlp/Build/Products/Debug-iphonesimulator/Example_Point.swiftmodule/arm64-apple-ios-simulator.abi.json

Copy /Users/takemiyamakoto/Library/Developer/Xcode/DerivedData/Example-Point-daqocnfdxtrgzugpbljrjitzirlp/Build/Products/Debug-iphonesimulator/Example_Point.swiftmodule/Project/arm64-apple-ios-simulator.swiftsourceinfo /Users/takemiyamakoto/Library/Developer/Xcode/DerivedData/Example-Point-daqocnfdxtrgzugpbljrjitzirlp/Build/Intermediates.noindex/Example-Point.build/Debug-iphonesimulator/Example-Point.build/Objects-normal/arm64/Example_Point.swiftsourceinfo (in target 'Example-Point' from project 'Example-Point')
    cd /Users/takemiyamakoto/dev/iroha-demo-ios/Example-Point
    builtin-copy -exclude .DS_Store -exclude CVS -exclude .svn -exclude .git -exclude .hg -resolve-src-symlinks -rename /Users/takemiyamakoto/Library/Developer/Xcode/DerivedData/Example-Point-daqocnfdxtrgzugpbljrjitzirlp/Build/Intermediates.noindex/Example-Point.build/Debug-iphonesimulator/Example-Point.build/Objects-normal/arm64/Example_Point.swiftsourceinfo /Users/takemiyamakoto/Library/Developer/Xcode/DerivedData/Example-Point-daqocnfdxtrgzugpbljrjitzirlp/Build/Products/Debug-iphonesimulator/Example_Point.swiftmodule/Project/arm64-apple-ios-simulator.swiftsourceinfo

SwiftDriverJobDiscovery normal arm64 Compiling ReceiveViewController.swift (in target 'Example-Point' from project 'Example-Point')

